PyTorch: 2.11.0+cu128 | device: cuda NVIDIA GeForce RTX 5060 Laptop GPU
Models: ['focus'] | anchors: [16] | epochs: 10 | dataset: cifar10 | grad clip: 0.0 | seed: 42 
Results file: working/step1_cifar10_seed42_keep0.25-importance-from2.json
Canvas batch: (128, 3, 256, 256) | object patches per image: 16.0 of 256
focus   A= 16   11,365,008 parameters

=== focus A=16 | 11,365,008 parameters ===
focus A=16 epoch 01 | train acc 16.80% | test acc 19.31% | grad norm median 2.11 max 16.53 | 1.51 min
focus A=16 epoch 02 | train acc 23.58% | test acc 27.54% | grad norm median 2.19 max 4.32 | 1.49 min
focus A=16 epoch 03 | train acc 29.23% | test acc 32.02% | grad norm median 2.14 max 3.86 | 1.48 min
focus A=16 epoch 04 | train acc 33.64% | test acc 37.38% | grad norm median 2.16 max 3.90 | 1.51 min
focus A=16 epoch 05 | train acc 38.26% | test acc 40.04% | grad norm median 2.12 max 3.84 | 1.58 min
focus A=16 epoch 06 | train acc 41.85% | test acc 42.51% | grad norm median 2.19 max 3.69 | 1.62 min
focus A=16 epoch 07 | train acc 44.34% | test acc 45.59% | grad norm median 2.18 max 3.41 | 1.48 min
focus A=16 epoch 08 | train acc 47.23% | test acc 46.54% | grad norm median 2.24 max 3.40 | 1.53 min
focus A=16 epoch 09 | train acc 48.31% | test acc 48.80% | grad norm median 2.24 max 3.15 | 1.50 min
focus A=16 epoch 10 | train acc 49.80% | test acc 49.25% | grad norm median 2.22 max 3.17 | 1.52 min
Saved: working/step1_cifar10_seed42_keep0.25-importance-from2.json
| Model | Anchors | Params | Final test acc | Best test acc | Map sim | Anchor spread | Object mass (last block) | Anchors touching object (last block) |
|---|---:|---:|---:|---:|---:|---:|---:|---:|
| focus | 16 | 11.37M | 49.25% | 49.25% | 0.000 | 0.432 | 1.733 | 0.21 |
