PyTorch: 2.11.0+cu128 | device: cuda NVIDIA GeForce RTX 5060 Laptop GPU
Models: ['focus'] | anchors: [16] | epochs: 10 | dataset: cifar10 | grad clip: 0.0 | seed: 42 
Results file: working/step1_cifar10_seed42_keep0.25-norm-from2.json
Canvas batch: (128, 3, 256, 256) | object patches per image: 16.0 of 256
focus   A= 16   11,365,008 parameters

=== focus A=16 | 11,365,008 parameters ===
focus A=16 epoch 01 | train acc 16.72% | test acc 18.84% | grad norm median 2.12 max 16.34 | 1.51 min
focus A=16 epoch 02 | train acc 23.67% | test acc 27.80% | grad norm median 2.20 max 4.22 | 1.49 min
focus A=16 epoch 03 | train acc 30.27% | test acc 32.43% | grad norm median 2.12 max 3.68 | 1.48 min
focus A=16 epoch 04 | train acc 34.80% | test acc 37.67% | grad norm median 2.12 max 3.83 | 1.48 min
focus A=16 epoch 05 | train acc 39.13% | test acc 39.71% | grad norm median 2.12 max 3.95 | 1.49 min
focus A=16 epoch 06 | train acc 42.59% | test acc 43.37% | grad norm median 2.18 max 3.68 | 1.49 min
focus A=16 epoch 07 | train acc 45.59% | test acc 46.32% | grad norm median 2.15 max 3.32 | 1.48 min
focus A=16 epoch 08 | train acc 48.29% | test acc 48.09% | grad norm median 2.26 max 3.41 | 1.47 min
focus A=16 epoch 09 | train acc 50.01% | test acc 50.13% | grad norm median 2.28 max 3.36 | 1.48 min
focus A=16 epoch 10 | train acc 50.89% | test acc 50.87% | grad norm median 2.30 max 3.45 | 1.49 min
Saved: working/step1_cifar10_seed42_keep0.25-norm-from2.json
| Model | Anchors | Params | Final test acc | Best test acc | Map sim | Anchor spread | Object mass (last block) | Anchors touching object (last block) |
|---|---:|---:|---:|---:|---:|---:|---:|---:|
| focus | 16 | 11.37M | 50.87% | 50.87% | 0.000 | 0.496 | 2.297 | 0.24 |
