PyTorch: 2.11.0+cu128 | device: cuda NVIDIA GeForce RTX 5060 Laptop GPU
Models: ['free', 'fixed', 'moving'] | anchors: [4, 16] | epochs: 10 | dataset: cifar10 | seed: 42 
Results file: working/step1_cifar10_seed42.json
Canvas batch: (128, 3, 256, 256) | object patches per image: 16.0 of 256
free    A=  4   11,259,786 parameters
free    A= 16   11,261,322 parameters
fixed   A=  4   11,361,162 parameters
fixed   A= 16   11,362,698 parameters
moving  A=  4   11,363,472 parameters
moving  A= 16   11,365,008 parameters

=== free A=4 | 11,259,786 parameters ===
free A=4 epoch 01 | train acc 16.68% | test acc 19.39% | 1.44 min
free A=4 epoch 02 | train acc 23.14% | test acc 24.33% | 1.44 min
free A=4 epoch 03 | train acc 28.95% | test acc 30.34% | 1.44 min
free A=4 epoch 04 | train acc 32.15% | test acc 34.97% | 1.44 min
free A=4 epoch 05 | train acc 35.79% | test acc 36.22% | 1.42 min
free A=4 epoch 06 | train acc 38.80% | test acc 40.23% | 1.41 min
free A=4 epoch 07 | train acc 41.86% | test acc 42.99% | 1.42 min
free A=4 epoch 08 | train acc 44.18% | test acc 44.23% | 1.45 min
free A=4 epoch 09 | train acc 46.37% | test acc 45.80% | 1.44 min
free A=4 epoch 10 | train acc 47.51% | test acc 47.00% | 1.43 min
Saved: working/step1_cifar10_seed42.json

=== fixed A=4 | 11,361,162 parameters ===
fixed A=4 epoch 01 | train acc 16.72% | test acc 20.76% | 1.46 min
fixed A=4 epoch 02 | train acc 22.92% | test acc 26.57% | 1.46 min
fixed A=4 epoch 03 | train acc 28.32% | test acc 30.08% | 1.46 min
fixed A=4 epoch 04 | train acc 31.77% | test acc 34.43% | 1.47 min
fixed A=4 epoch 05 | train acc 35.79% | test acc 35.52% | 1.46 min
fixed A=4 epoch 06 | train acc 39.04% | test acc 40.28% | 1.45 min
fixed A=4 epoch 07 | train acc 42.08% | test acc 43.79% | 1.45 min
fixed A=4 epoch 08 | train acc 44.52% | test acc 44.44% | 1.45 min
fixed A=4 epoch 09 | train acc 46.50% | test acc 46.38% | 1.46 min
fixed A=4 epoch 10 | train acc 47.77% | test acc 47.08% | 1.46 min
Saved: working/step1_cifar10_seed42.json

=== moving A=4 | 11,363,472 parameters ===
moving A=4 epoch 01 | train acc 17.41% | test acc 19.51% | 1.53 min
moving A=4 epoch 02 | train acc 24.04% | test acc 27.15% | 1.53 min
moving A=4 epoch 03 | train acc 29.85% | test acc 30.65% | 1.53 min
moving A=4 epoch 04 | train acc 32.53% | test acc 35.26% | 1.53 min
moving A=4 epoch 05 | train acc 36.42% | test acc 37.30% | 1.55 min
moving A=4 epoch 06 | train acc 39.52% | test acc 41.21% | 1.54 min
moving A=4 epoch 07 | train acc 42.43% | test acc 43.72% | 1.55 min
moving A=4 epoch 08 | train acc 45.51% | test acc 45.28% | 1.54 min
moving A=4 epoch 09 | train acc 47.24% | test acc 46.54% | 1.54 min
moving A=4 epoch 10 | train acc 48.52% | test acc 47.61% | 1.55 min
Saved: working/step1_cifar10_seed42.json

=== free A=16 | 11,261,322 parameters ===
free A=16 epoch 01 | train acc 16.15% | test acc 19.81% | 1.47 min
free A=16 epoch 02 | train acc 22.73% | test acc 27.71% | 1.45 min
free A=16 epoch 03 | train acc 28.92% | test acc 29.87% | 1.45 min
free A=16 epoch 04 | train acc 32.21% | test acc 35.66% | 1.44 min
free A=16 epoch 05 | train acc 36.55% | test acc 35.62% | 1.44 min
free A=16 epoch 06 | train acc 39.58% | test acc 39.37% | 1.46 min
free A=16 epoch 07 | train acc 42.38% | test acc 44.13% | 1.45 min
